// Jest Snapshot v1, https://goo.gl/fbAQLP

exports[`Test createCustomBlock should render as expected 1`] = `
"
          <mjml>
          <mj-head>
              
    <mj-html-attributes>
      <mj-html-attribute class=\\"easy-email\\" multiple-attributes=\\"false\\" attribute-name=\\"text-color\\" text-color=\\"#000000\\"></mj-html-attribute>
<mj-html-attribute class=\\"easy-email\\" multiple-attributes=\\"false\\" attribute-name=\\"font-family\\" font-family=\\"-apple-system, BlinkMacSystemFont, 'Segoe UI', 'Roboto', 'Oxygen', 'Ubuntu', 'Cantarell', 'Fira Sans', 'Droid Sans','Helvetica Neue', sans-serif\\"></mj-html-attribute>
<mj-html-attribute class=\\"easy-email\\" multiple-attributes=\\"false\\" attribute-name=\\"font-size\\" font-size=\\"14px\\"></mj-html-attribute>
<mj-html-attribute class=\\"easy-email\\" multiple-attributes=\\"false\\" attribute-name=\\"line-height\\" line-height=\\"1.7\\"></mj-html-attribute>
<mj-html-attribute class=\\"easy-email\\" multiple-attributes=\\"false\\" attribute-name=\\"font-weight\\" font-weight=\\"400\\"></mj-html-attribute>
<mj-html-attribute class=\\"easy-email\\" multiple-attributes=\\"false\\" attribute-name=\\"responsive\\" responsive=\\"true\\"></mj-html-attribute>

    </mj-html-attributes>
  
              
              
              
              <mj-breakpoint width=\\"480px\\" />
              
              
            <mj-attributes>
              
              <mj-all font-family=\\"-apple-system, BlinkMacSystemFont, 'Segoe UI', 'Roboto', 'Oxygen', 'Ubuntu', 'Cantarell', 'Fira Sans', 'Droid Sans','Helvetica Neue', sans-serif\\" />
              <mj-text font-size=\\"14px\\" />
              <mj-text color=\\"#000000\\" />
        <mj-text line-height=\\"1.7\\" />
        <mj-text font-weight=\\"400\\" />
              

            </mj-attributes>
          </mj-head>
          <mj-body background-color=\\"#efeeea\\" width=\\"600px\\" ><mj-section padding=\\"20px\\" ><mj-column ><mj-image padding=\\"0px 0px 0px 0px\\" width=\\"100px\\" src=\\"https://assets.maocanhua.cn/10dada65-c4fb-4b1f-837e-59a1005bbea6-image.png\\" ></mj-image><mj-button background-color=\\"#4A90E2\\" color=\\"#ffffff\\" href=\\"#\\" >Got it</mj-button></mj-column></mj-section></mj-body></mjml > "
`;
